../Core/Src/main.c:128:5:main	16	static
../Core/Src/main.c:246:6:SystemClock_Config	120	static
../Core/Src/main.c:305:13:MX_ADC1_Init	48	static
../Core/Src/main.c:373:13:MX_ETH_Init	8	static
../Core/Src/main.c:422:13:MX_TIM2_Init	64	static
../Core/Src/main.c:481:13:MX_USART3_UART_Init	8	static
../Core/Src/main.c:529:13:MX_USB_OTG_FS_PCD_Init	8	static
../Core/Src/main.c:565:13:MX_GPIO_Init	32	static
../Core/Src/main.c:593:6:StartDefaultTask	16	static
../Core/Src/main.c:611:6:StartJoystickReadingTask	16	static
../Core/Src/main.c:629:6:StartSimpleKinSysTask	16	static
../Core/Src/main.c:648:6:HAL_TIM_PeriodElapsedCallback	16	static
../Core/Src/main.c:665:6:Error_Handler	4	static,ignoring_inline_asm
